Simulating Frontend Call with Overridden Auth...
node : Invoke Error: 
FunctionsHttpError: 
Edge Function returned 
a non-2xx status code
At line:1 char:1
+ node 
test_chat_frontend.js 
> test_output.txt 2>&1
+ ~~~~~~~~~~~~~~~~~~~~~
~~~~~~~~~~~~~~~~~~~~~~~
~~~~~
    + CategoryInfo     
         : NotSpecifi  
  ed: (Invoke Error:   
  F...2xx status co    
de:String) [], Rem    
oteException
    + FullyQualifiedEr 
   rorId : NativeComm  
  andError
 
    at FunctionsClient.
<anonymous> (F:\vido 
for stodio\deedox2.9\no
de_modules\@supabase\fu
nctions-js\dist\main\Fu
nctionsClient.js:140:27
)
    at Generator.next 
(<anonymous>)
    at fulfilled 
(F:\vido for stodio\dee
dox2.9\node_modules\tsl
ib\tslib.js:167:62)
    at process.processT
icksAndRejections (node
:internal/process/task_
queues:103:5) {
  context: Response {
    status: 401,
    statusText: 
'Unauthorized',
    headers: Headers {
      date: 'Sun, 11 
Jan 2026 22:56:27 GMT',
      'content-type': 
'application/json',
      
'content-length': '56',
      connection: 
'keep-alive',
      server: 
'cloudflare',
      'cf-ray': 
'9bc801e81f30786d-DAC',
      
'cf-cache-status': 
'DYNAMIC',
      'access-control-a
llow-origin': '*',
      
'content-encoding': 
'gzip',
      'strict-transport
-security': 
'max-age=31536000; 
includeSubDomains; 
preload',
      vary: 
'Accept-Encoding',
      'access-control-a
llow-headers': 
'authorization, 
x-client-info, apikey',
      
'sb-project-ref': 
'hbqacsaxsyphanfzgnsk',
      'sb-request-id': 
'019baf46-6d14-7788-9ef
0-4153d6533355',
      
'x-sb-edge-region': 
'ap-south-1',
      'x-served-by': 's
upabase-edge-runtime',
      'set-cookie': '__
cf_bm=NFmcN8ggRUR8uUGuc
n41y6bLQ8Cads7p7n6v3E2N
bDc-1768172187-1.0.1.1-
isuN5Ng.TihJgr2j46J08ky
3r7X2oPMpcPZENlPqf0bqmq
hBl6EPHh_V20SXEB48xCEbs
REmoyQr.YzM4pcVOb.qu0Xb
3SPdjDc0CpTHuiQ; 
path=/; expires=Sun, 
11-Jan-26 23:26:27 
GMT; 
domain=.supabase.co; 
HttpOnly; Secure; 
SameSite=None',
      'alt-svc': 
'h3=":443"; ma=86400'
    },
    body: 
ReadableStream { 
locked: false, state: 
'readable', 
supportsBYOB: true },
    bodyUsed: false,
    ok: false,
    redirected: false,
    type: 'basic',
    url: 'https://hbqac
saxsyphanfzgnsk.supabas
e.co/functions/v1/chat-
proxy'
  }
}
